Machine: sunbird; CPU: 32; NUMA node: 0
57 points; 57,000,000 timed batches; 456,000,000 raw bytes before compression
Raw data: /home/swu35/ECE592-HW1/timing-only/capacity/data/sunbird/round2
Analysis output: /home/swu35/ECE592-HW1/timing-only/capacity/results/sunbird/round2
[1/57] running round2_w524288_s64_random_b256_seed59203_huge_n1000000
  median=41.7969, p05–p95=41.0000–42.2188, elapsed=4.4s; saved all 1,000,000 samples
[2/57] running round2_w49152_s64_random_b256_seed59202_huge_n1000000
  median=12.1250, p05–p95=12.0781–12.1562, elapsed=1.3s; saved all 1,000,000 samples
[3/57] running round2_w393216_s64_random_b256_seed59202_huge_n1000000
  median=41.6875, p05–p95=41.0312–42.4062, elapsed=4.3s; saved all 1,000,000 samples
[4/57] running round2_w41943040_s8_random_b256_seed59203_huge_n1000000
  median=97.4844, p05–p95=87.8594–109.5625, elapsed=11.4s; saved all 1,000,000 samples
[5/57] running round2_w16777216_s64_sequential_b256_seed59202_huge_n1000000
  median=9.0781, p05–p95=8.7969–9.4375, elapsed=1.0s; saved all 1,000,000 samples
[6/57] running round2_w524288_s8_random_b256_seed59202_huge_n1000000
  median=27.9062, p05–p95=26.1875–29.6094, elapsed=2.9s; saved all 1,000,000 samples
[7/57] running round2_w524288_s64_sequential_b256_seed59202_huge_n1000000
  median=9.0781, p05–p95=8.7969–9.4844, elapsed=1.0s; saved all 1,000,000 samples
[8/57] running round2_w262144_s64_random_b1024_seed59202_huge_n1000000
  median=12.9688, p05–p95=12.4336–13.4180, elapsed=5.5s; saved all 1,000,000 samples
[9/57] running round2_w41943040_s64_random_b256_seed59202_huge_n1000000
  median=156.3750, p05–p95=142.7812–184.5469, elapsed=16.6s; saved all 1,000,000 samples
[10/57] running round2_w67108864_s64_random_b256_seed59202_base_n1000000
  median=232.8906, p05–p95=227.3594–239.8125, elapsed=24.6s; saved all 1,000,000 samples
[11/57] running round2_w49152_s8_random_b256_seed59202_huge_n1000000
  median=7.2969, p05–p95=6.7969–7.9375, elapsed=0.8s; saved all 1,000,000 samples
[12/57] running round2_w57344_s64_random_b256_seed59202_huge_n1000000
  median=12.1562, p05–p95=12.1250–12.1562, elapsed=1.3s; saved all 1,000,000 samples
[13/57] running round2_w262144_s64_sequential_b256_seed59202_huge_n1000000
  median=6.5469, p05–p95=6.0312–7.0312, elapsed=0.7s; saved all 1,000,000 samples
[14/57] running round2_w32768_s64_sequential_b256_seed59202_huge_n1000000
  median=4.1875, p05–p95=4.1562–4.5312, elapsed=0.5s; saved all 1,000,000 samples
[15/57] running round2_w262144_s64_random_b256_seed59202_huge_n1000000
  median=12.5312, p05–p95=12.2031–13.2656, elapsed=1.4s; saved all 1,000,000 samples
[16/57] running round2_w16777216_s8_random_b256_seed59203_huge_n1000000
  median=41.3125, p05–p95=40.6094–42.0781, elapsed=4.6s; saved all 1,000,000 samples
[17/57] running round2_w65536_s64_sequential_b256_seed59202_huge_n1000000
  median=6.5312, p05–p95=6.0312–6.5781, elapsed=0.7s; saved all 1,000,000 samples
[18/57] running round2_w41943040_s64_sequential_b256_seed59202_huge_n1000000
  median=25.2031, p05–p95=22.2500–29.4062, elapsed=2.7s; saved all 1,000,000 samples
[19/57] running round2_w32768_s64_random_b256_seed59203_huge_n1000000
  median=4.7188, p05–p95=4.5625–5.0156, elapsed=0.5s; saved all 1,000,000 samples
[20/57] running round2_w294912_s64_random_b256_seed59202_huge_n1000000
  median=41.5156, p05–p95=40.6094–42.4688, elapsed=4.3s; saved all 1,000,000 samples
[21/57] running round2_w54525952_s8_random_b256_seed59202_huge_n1000000
  median=122.4844, p05–p95=112.1094–135.0000, elapsed=14.7s; saved all 1,000,000 samples
[22/57] running round2_w65536_s64_random_b256_seed59203_huge_n1000000
  median=12.1562, p05–p95=12.0938–12.1719, elapsed=1.3s; saved all 1,000,000 samples
[23/57] running round2_w61440_s64_random_b256_seed59202_huge_n1000000
  median=12.1562, p05–p95=12.1250–12.1562, elapsed=1.3s; saved all 1,000,000 samples
[24/57] running round2_w54525952_s64_random_b256_seed59202_huge_n1000000
  median=194.9375, p05–p95=187.0625–203.6250, elapsed=20.4s; saved all 1,000,000 samples
[25/57] running round2_w425984_s64_random_b256_seed59202_huge_n1000000
  median=41.6562, p05–p95=41.0312–42.2031, elapsed=4.3s; saved all 1,000,000 samples
[26/57] running round2_w327680_s64_random_b256_seed59202_huge_n1000000
  median=41.5781, p05–p95=40.7500–42.4062, elapsed=4.3s; saved all 1,000,000 samples
[27/57] running round2_w16777216_s64_random_b256_seed59202_huge_n1000000
  median=41.7188, p05–p95=41.1094–42.3438, elapsed=4.4s; saved all 1,000,000 samples
[28/57] running round2_w65536_s8_random_b256_seed59202_huge_n1000000
  median=8.5312, p05–p95=8.2812–9.0312, elapsed=0.9s; saved all 1,000,000 samples
[29/57] running round2_w393216_s64_random_b256_seed59203_huge_n1000000
  median=41.6250, p05–p95=41.0781–42.2812, elapsed=4.3s; saved all 1,000,000 samples
[30/57] running round2_w29360128_s8_random_b256_seed59202_huge_n1000000
  median=47.0312, p05–p95=43.5781–55.6250, elapsed=5.5s; saved all 1,000,000 samples
[31/57] running round2_w458752_s64_random_b256_seed59202_huge_n1000000
  median=41.7188, p05–p95=41.1719–42.2500, elapsed=4.3s; saved all 1,000,000 samples
[32/57] running round2_w524288_s64_random_b256_seed59202_huge_n1000000
  median=41.6875, p05–p95=41.0938–42.2812, elapsed=4.3s; saved all 1,000,000 samples
[33/57] running round2_w393216_s64_sequential_b256_seed59202_huge_n1000000
  median=9.0938, p05–p95=8.8281–9.4531, elapsed=1.0s; saved all 1,000,000 samples
[34/57] running round2_w67108864_s64_sequential_b256_seed59202_huge_n1000000
  median=26.6562, p05–p95=23.5781–31.2344, elapsed=2.9s; saved all 1,000,000 samples
[35/57] running round2_w41943040_s8_random_b256_seed59202_huge_n1000000
  median=95.4531, p05–p95=86.0469–107.5312, elapsed=11.2s; saved all 1,000,000 samples
[36/57] running round2_w360448_s64_random_b256_seed59202_huge_n1000000
  median=41.5781, p05–p95=41.0781–42.2188, elapsed=4.3s; saved all 1,000,000 samples
[37/57] running round2_w67108864_s8_random_b256_seed59203_huge_n1000000
  median=138.1094, p05–p95=127.9531–149.0000, elapsed=17.0s; saved all 1,000,000 samples
[38/57] running round2_w16777216_s64_random_b256_seed59202_base_n1000000
  median=59.9219, p05–p95=58.6562–62.9531, elapsed=6.3s; saved all 1,000,000 samples
[39/57] running round2_w491520_s64_random_b256_seed59202_huge_n1000000
  median=41.6719, p05–p95=41.0156–42.2656, elapsed=4.3s; saved all 1,000,000 samples
[40/57] running round2_w32768_s8_random_b256_seed59202_huge_n1000000
  median=4.3125, p05–p95=4.2188–4.7188, elapsed=0.5s; saved all 1,000,000 samples
[41/57] running round2_w393216_s8_random_b256_seed59202_huge_n1000000
  median=22.9219, p05–p95=21.4062–24.6406, elapsed=2.4s; saved all 1,000,000 samples
[42/57] running round2_w53248_s64_random_b256_seed59202_huge_n1000000
  median=12.1250, p05–p95=12.0625–12.1562, elapsed=1.3s; saved all 1,000,000 samples
[43/57] running round2_w36864_s64_random_b256_seed59202_huge_n1000000
  median=11.6875, p05–p95=11.4062–11.8750, elapsed=1.2s; saved all 1,000,000 samples
[44/57] running round2_w32768_s64_random_b256_seed59202_huge_n1000000
  median=4.6250, p05–p95=4.4062–4.9062, elapsed=0.5s; saved all 1,000,000 samples
[45/57] running round2_w49152_s64_sequential_b256_seed59202_huge_n1000000
  median=6.5312, p05–p95=6.0312–6.6094, elapsed=0.7s; saved all 1,000,000 samples
[46/57] running round2_w67108864_s64_random_b256_seed59202_huge_n1000000
  median=202.1875, p05–p95=196.0781–207.7188, elapsed=21.3s; saved all 1,000,000 samples
[47/57] running round2_w262144_s64_random_b256_seed59203_huge_n1000000
  median=12.7500, p05–p95=12.3594–13.6406, elapsed=1.4s; saved all 1,000,000 samples
[48/57] running round2_w41943040_s64_random_b256_seed59202_base_n1000000
  median=181.5000, p05–p95=167.2656–202.8750, elapsed=19.1s; saved all 1,000,000 samples
[49/57] running round2_w67108864_s8_random_b256_seed59202_huge_n1000000
  median=138.4062, p05–p95=128.0938–149.7969, elapsed=17.1s; saved all 1,000,000 samples
[50/57] running round2_w40960_s64_random_b256_seed59202_huge_n1000000
  median=12.0938, p05–p95=12.0156–12.1562, elapsed=1.3s; saved all 1,000,000 samples
[51/57] running round2_w45056_s64_random_b256_seed59202_huge_n1000000
  median=12.1562, p05–p95=12.1094–12.1562, elapsed=1.3s; saved all 1,000,000 samples
[52/57] running round2_w32768_s64_random_b1024_seed59202_huge_n1000000
  median=4.4453, p05–p95=4.3828–4.4453, elapsed=1.9s; saved all 1,000,000 samples
[53/57] running round2_w49152_s64_random_b256_seed59203_huge_n1000000
  median=12.1250, p05–p95=12.1094–12.1406, elapsed=1.3s; saved all 1,000,000 samples
[54/57] running round2_w29360128_s64_random_b256_seed59202_huge_n1000000
  median=49.9531, p05–p95=45.1406–63.9844, elapsed=5.5s; saved all 1,000,000 samples
[55/57] running round2_w16777216_s8_random_b256_seed59202_huge_n1000000
  median=41.2969, p05–p95=40.5781–42.0000, elapsed=4.5s; saved all 1,000,000 samples
[56/57] running round2_w262144_s8_random_b256_seed59202_huge_n1000000
  median=11.4688, p05–p95=11.1250–13.0781, elapsed=1.2s; saved all 1,000,000 samples
[57/57] running round2_w65536_s64_random_b256_seed59202_huge_n1000000
  median=12.1406, p05–p95=12.1094–12.1562, elapsed=1.3s; saved all 1,000,000 samples
