Collecting numpy==1.26.3
  Downloading numpy-1.26.3-cp39-cp39-manylinux_2_17_x86_64.manylinux2014_x86_64.whl (18.2 MB)
Collecting matplotlib==3.9.4
  Downloading matplotlib-3.9.4-cp39-cp39-manylinux_2_17_x86_64.manylinux2014_x86_64.whl (8.3 MB)
Collecting pillow>=8
  Downloading pillow-11.3.0-cp39-cp39-manylinux_2_27_x86_64.manylinux_2_28_x86_64.whl (6.6 MB)
Collecting fonttools>=4.22.0
  Downloading fonttools-4.60.2-cp39-cp39-manylinux2014_x86_64.manylinux_2_17_x86_64.whl (4.8 MB)
Collecting python-dateutil>=2.7
  Downloading python_dateutil-2.9.0.post0-py2.py3-none-any.whl (229 kB)
Collecting contourpy>=1.0.1
  Downloading contourpy-1.3.0-cp39-cp39-manylinux_2_17_x86_64.manylinux2014_x86_64.whl (321 kB)
Collecting kiwisolver>=1.3.1
  Downloading kiwisolver-1.4.7-cp39-cp39-manylinux_2_12_x86_64.manylinux2010_x86_64.whl (1.6 MB)
Collecting pyparsing>=2.3.1
  Downloading pyparsing-3.3.2-py3-none-any.whl (122 kB)
Collecting cycler>=0.10
  Downloading cycler-0.12.1-py3-none-any.whl (8.3 kB)
Collecting packaging>=20.0
  Downloading packaging-26.3-py3-none-any.whl (129 kB)
Collecting importlib-resources>=3.2.0
  Downloading importlib_resources-6.5.2-py3-none-any.whl (37 kB)
Collecting zipp>=3.1.0
  Downloading zipp-3.23.1-py3-none-any.whl (10 kB)
Collecting six>=1.5
  Downloading six-1.17.0-py2.py3-none-any.whl (11 kB)
Installing collected packages: zipp, six, numpy, python-dateutil, pyparsing, pillow, packaging, kiwisolver, importlib-resources, fonttools, cycler, contourpy, matplotlib
Successfully installed contourpy-1.3.0 cycler-0.12.1 fonttools-4.60.2 importlib-resources-6.5.2 kiwisolver-1.4.7 matplotlib-3.9.4 numpy-1.26.3 packaging-26.3 pillow-11.3.0 pyparsing-3.3.2 python-dateutil-2.9.0.post0 six-1.17.0 zipp-3.23.1
WARNING: You are using pip version 21.3.1; however, version 26.0.1 is available.
You should consider upgrading via the '/home/swu35/ECE592-HW1/timing-only/capacity/.venv/bin/python -m pip install --upgrade pip' command.
