Machine: skylark; CPU: 32; NUMA node: 1
39 points; 39,000,000 timed batches; 312,000,000 raw bytes before compression
Raw data: /home/swu35/ECE592-HW1/timing-only/capacity/data/skylark/round1
Analysis output: /home/swu35/ECE592-HW1/timing-only/capacity/results/skylark/round1
[1/39] running coarse_w524288_s64_sequential_b256_seed59201_huge_n1000000
  median=4.3125, p05–p95=4.1250–4.5938, elapsed=0.5s; saved all 1,000,000 samples
[2/39] running coarse_w2097152_s64_sequential_b256_seed59201_huge_n1000000
  median=4.6875, p05–p95=4.5938–4.7812, elapsed=0.5s; saved all 1,000,000 samples
[3/39] running coarse_w8192_s64_sequential_b256_seed59201_huge_n1000000
  median=3.1875, p05–p95=3.0938–3.1875, elapsed=0.4s; saved all 1,000,000 samples
[4/39] running coarse_w1048576_s64_sequential_b256_seed59201_huge_n1000000
  median=4.6875, p05–p95=4.5938–4.7812, elapsed=0.5s; saved all 1,000,000 samples
[5/39] running coarse_w536870912_s64_random_b256_seed59201_huge_n1000000
  median=276.0938, p05–p95=269.3438–283.7812, elapsed=33.9s; saved all 1,000,000 samples
[6/39] running coarse_w33554432_s64_random_b256_seed59201_huge_n1000000
  median=211.9688, p05–p95=199.5938–225.1875, elapsed=22.9s; saved all 1,000,000 samples
[7/39] running coarse_w4194304_s64_random_b256_seed59201_huge_n1000000
  median=27.0938, p05–p95=26.5312–27.6562, elapsed=3.0s; saved all 1,000,000 samples
[8/39] running coarse_w268435456_s64_random_b256_seed59201_huge_n1000000
  median=271.0312, p05–p95=263.4375–279.6562, elapsed=31.1s; saved all 1,000,000 samples
[9/39] running coarse_w4194304_s64_sequential_b256_seed59201_huge_n1000000
  median=4.6875, p05–p95=4.5938–4.7812, elapsed=0.5s; saved all 1,000,000 samples
[10/39] running coarse_w1048576_s64_random_b256_seed59201_huge_n1000000
  median=23.3438, p05–p95=22.5000–24.2812, elapsed=2.6s; saved all 1,000,000 samples
[11/39] running coarse_w32768_s64_random_b256_seed59201_huge_n1000000
  median=3.4688, p05–p95=3.3750–3.6562, elapsed=0.4s; saved all 1,000,000 samples
[12/39] running coarse_w536870912_s64_sequential_b256_seed59201_huge_n1000000
  median=11.1562, p05–p95=10.7812–14.1562, elapsed=1.6s; saved all 1,000,000 samples
[13/39] running coarse_w524288_s64_random_b256_seed59201_huge_n1000000
  median=9.1875, p05–p95=9.0000–10.0312, elapsed=1.0s; saved all 1,000,000 samples
[14/39] running coarse_w4096_s64_random_b256_seed59201_huge_n1000000
  median=3.1875, p05–p95=3.0938–3.1875, elapsed=0.4s; saved all 1,000,000 samples
[15/39] running coarse_w262144_s64_random_b256_seed59201_huge_n1000000
  median=8.8125, p05–p95=8.6250–8.9062, elapsed=1.0s; saved all 1,000,000 samples
[16/39] running coarse_w2048_s64_sequential_b256_seed59201_huge_n1000000
  median=3.1875, p05–p95=3.0938–3.1875, elapsed=0.4s; saved all 1,000,000 samples
[17/39] running coarse_w16777216_s64_sequential_b256_seed59201_huge_n1000000
  median=4.6875, p05–p95=4.5938–6.4688, elapsed=0.6s; saved all 1,000,000 samples
[18/39] running coarse_w16777216_s64_random_b256_seed59201_huge_n1000000
  median=29.9062, p05–p95=27.9375–33.0938, elapsed=3.3s; saved all 1,000,000 samples
[19/39] running coarse_w4096_s64_sequential_b256_seed59201_huge_n1000000
  median=3.1875, p05–p95=3.0938–3.1875, elapsed=0.4s; saved all 1,000,000 samples
[20/39] running coarse_w262144_s64_sequential_b256_seed59201_huge_n1000000
  median=4.2188, p05–p95=4.1250–4.2188, elapsed=0.5s; saved all 1,000,000 samples
[21/39] running coarse_w131072_s64_random_b256_seed59201_huge_n1000000
  median=8.4375, p05–p95=8.2500–8.5312, elapsed=0.9s; saved all 1,000,000 samples
[22/39] running coarse_w8388608_s64_sequential_b256_seed59201_huge_n1000000
  median=4.6875, p05–p95=4.5938–4.7812, elapsed=0.5s; saved all 1,000,000 samples
[23/39] running coarse_w67108864_s64_sequential_b256_seed59201_huge_n1000000
  median=11.2500, p05–p95=10.7812–14.2500, elapsed=1.3s; saved all 1,000,000 samples
[24/39] running coarse_w16384_s64_random_b256_seed59201_huge_n1000000
  median=3.1875, p05–p95=3.0938–3.1875, elapsed=0.4s; saved all 1,000,000 samples
[25/39] running coarse_w134217728_s64_sequential_b256_seed59201_huge_n1000000
  median=11.1562, p05–p95=10.7812–14.1562, elapsed=1.3s; saved all 1,000,000 samples
[26/39] running coarse_w67108864_s64_random_b256_seed59201_huge_n1000000
  median=244.7812, p05–p95=234.4688–256.6875, elapsed=26.7s; saved all 1,000,000 samples
[27/39] running coarse_w65536_s64_sequential_b256_seed59201_huge_n1000000
  median=4.2188, p05–p95=4.1250–4.2188, elapsed=0.5s; saved all 1,000,000 samples
[28/39] running coarse_w268435456_s64_sequential_b256_seed59201_huge_n1000000
  median=11.1562, p05–p95=10.7812–14.1562, elapsed=1.4s; saved all 1,000,000 samples
[29/39] running coarse_w2048_s64_random_b256_seed59201_huge_n1000000
  median=3.1875, p05–p95=3.0938–3.1875, elapsed=0.4s; saved all 1,000,000 samples
[30/39] running coarse_w16384_s64_sequential_b256_seed59201_huge_n1000000
  median=3.1875, p05–p95=3.0938–3.1875, elapsed=0.4s; saved all 1,000,000 samples
[31/39] running coarse_w8388608_s64_random_b256_seed59201_huge_n1000000
  median=27.7500, p05–p95=27.2812–28.1250, elapsed=3.0s; saved all 1,000,000 samples
[32/39] running coarse_w2097152_s64_random_b256_seed59201_huge_n1000000
  median=25.8750, p05–p95=25.1250–26.5312, elapsed=2.8s; saved all 1,000,000 samples
[33/39] running coarse_w131072_s64_sequential_b256_seed59201_huge_n1000000
  median=4.2188, p05–p95=4.1250–4.2188, elapsed=0.5s; saved all 1,000,000 samples
[34/39] running coarse_w32768_s64_sequential_b256_seed59201_huge_n1000000
  median=3.2812, p05–p95=3.1875–3.4688, elapsed=0.4s; saved all 1,000,000 samples
[35/39] running coarse_w2048_s64_empty_b256_seed59201_huge_n1000000
  median=72.0000, p05–p95=48.0000–72.0000, elapsed=0.1s; saved all 1,000,000 samples
[36/39] running coarse_w65536_s64_random_b256_seed59201_huge_n1000000
  median=7.3125, p05–p95=7.1250–7.5938, elapsed=0.8s; saved all 1,000,000 samples
[37/39] running coarse_w134217728_s64_random_b256_seed59201_huge_n1000000
  median=260.8125, p05–p95=252.0938–270.8438, elapsed=28.9s; saved all 1,000,000 samples
[38/39] running coarse_w33554432_s64_sequential_b256_seed59201_huge_n1000000
  median=11.1562, p05–p95=10.7812–14.1562, elapsed=1.3s; saved all 1,000,000 samples
[39/39] running coarse_w8192_s64_random_b256_seed59201_huge_n1000000
  median=3.1875, p05–p95=3.0938–3.1875, elapsed=0.4s; saved all 1,000,000 samples
