line_size: 12 configurations, 1,000,000 batches each
Error: failed to open tracing events directory
/sys/kernel/tracing/events: Permission denied
Error: failed to open tracing events directory
/sys/kernel/tracing/events: Permission denied
Error: failed to open tracing events directory
/sys/kernel/tracing/events: Permission denied
Error: failed to open tracing events directory
/sys/kernel/tracing/events: Permission denied
Preflight: {'0': 0.0}
[1/12] random_s64_a16: 8.8359 ticks/timed load; Configured first three events per 1000 chain loads [245.68, 0.109, 1440.146]
[2/12] random_s96_a0: 9.1406 ticks/timed load; Configured first three events per 1000 chain loads [309.071, 0.004, 1365.313]
[3/12] random_s64_a0: 8.8594 ticks/timed load; Configured first three events per 1000 chain loads [248.734, 0.092, 1443.956]
[4/12] random_s56_a16: 8.6484 ticks/timed load; Configured first three events per 1000 chain loads [217.809, 0.158, 1248.59]
[5/12] fully_random_s64: 11.9062 ticks/timed load; Configured first three events per 1000 chain loads [956.038, 0.339, 1543.673]
[6/12] sequential_s72: 7.1953 ticks/timed load; Configured first three events per 1000 chain loads [5.774, 0.022, 1033.11]
[7/12] sequential_s64: 6.8672 ticks/timed load; Configured first three events per 1000 chain loads [4.84, 0.003, 1001.936]
[8/12] random_s72_a0: 9.1875 ticks/timed load; Configured first three events per 1000 chain loads [286.7, 0.036, 1528.213]
[9/12] random_s56_a0: 8.6484 ticks/timed load; Configured first three events per 1000 chain loads [219.209, 0.036, 1251.007]
[10/12] random_s32_a0: 7.7578 ticks/timed load; Configured first three events per 1000 chain loads [120.789, 4.596, 716.218]
[11/12] random_s72_a16: 9.2109 ticks/timed load; Configured first three events per 1000 chain loads [286.061, 0.072, 1553.985]
[12/12] sequential_s56: 6.7266 ticks/timed load; Configured first three events per 1000 chain loads [5.198, 0.01, 876.863]
