30 configurations, 30,000,000 batches, 39,000,000 recorded timer intervals
[1/30] l1_miss__alternate: paired, W=131072, batch=256
  first median=15.40625; reread=5.80469; 1.8s
[2/30] l2_miss__repeat: paired, W=1048576, batch=256
  first median=43.43750; reread=5.98438; 5.6s
[3/30] calibration__l1_independent: independent, W=8192, batch=256
  first median=1.49219; 0.2s
[4/30] calibration__l1_sequential: sequential, W=8192, batch=256
  first median=5.49219; 0.5s
[5/30] l1_hit__alternate: chase, W=16384, batch=256
  first median=5.28125; 0.4s
[6/30] calibration__timer: empty, W=8192, batch=256
  first median=60.00000; 0.1s
[7/30] calibration__memory_sequential: sequential, W=268435456, batch=256
  first median=34.35156; 2.9s
[8/30] calibration__l1_long: chase, W=8192, batch=1024
  first median=5.11719; 1.6s
[9/30] calibration__l2_long: chase, W=65536, batch=1024
  first median=15.25000; 4.7s
[10/30] calibration__llc_long: chase, W=1048576, batch=1024
  first median=43.31250; 13.1s
[11/30] llc_hit__alternate: chase, W=2097152, batch=256
  first median=45.42188; 3.5s
[12/30] llc_miss__alternate: paired, W=536870912, batch=256
Traceback (most recent call last):
  File "/home/swu35/ECE592-HW1/timing-only/latency/scripts/run_latency.py", line 222, in <module>
    main()
  File "/home/swu35/ECE592-HW1/timing-only/latency/scripts/run_latency.py", line 207, in main
    collect(config, jobs, out, manifest)
  File "/home/swu35/ECE592-HW1/timing-only/latency/scripts/run_latency.py", line 140, in collect
    raise RuntimeError(f'{name}: {process.stderr}')
RuntimeError: llc_miss__alternate: MADV_COLLAPSE: full THP backing unavailable: Cannot allocate memory

