30 configurations, 30,000,000 batches, 39,000,000 recorded timer intervals
l1_miss__alternate {'samples': 1000000, 'batch': 256, 'spacing': 64, 'seed': 59221, 'pages': 'huge', 'mode': 'paired', 'bytes': 262144}
l2_miss__repeat {'samples': 1000000, 'batch': 256, 'spacing': 64, 'seed': 59222, 'pages': 'huge', 'mode': 'paired', 'bytes': 4194304}
calibration__l1_independent {'samples': 1000000, 'batch': 256, 'spacing': 64, 'seed': 59221, 'pages': 'huge', 'mode': 'independent', 'bytes': 8192}
calibration__l1_sequential {'samples': 1000000, 'batch': 256, 'spacing': 64, 'seed': 59221, 'pages': 'huge', 'mode': 'sequential', 'bytes': 8192}
l1_hit__alternate {'samples': 1000000, 'batch': 256, 'spacing': 64, 'seed': 59221, 'pages': 'huge', 'mode': 'chase', 'bytes': 16384}
calibration__timer {'samples': 1000000, 'batch': 256, 'spacing': 64, 'seed': 59221, 'pages': 'huge', 'mode': 'empty', 'bytes': 8192}
calibration__memory_sequential {'samples': 1000000, 'batch': 256, 'spacing': 64, 'seed': 59221, 'pages': 'huge', 'mode': 'sequential', 'bytes': 268435456}
calibration__l1_long {'samples': 1000000, 'batch': 1024, 'spacing': 64, 'seed': 59221, 'pages': 'huge', 'mode': 'chase', 'bytes': 8192}
calibration__l2_long {'samples': 1000000, 'batch': 1024, 'spacing': 64, 'seed': 59221, 'pages': 'huge', 'mode': 'chase', 'bytes': 131072}
calibration__llc_long {'samples': 1000000, 'batch': 1024, 'spacing': 64, 'seed': 59221, 'pages': 'huge', 'mode': 'chase', 'bytes': 4194304}
llc_hit__alternate {'samples': 1000000, 'batch': 256, 'spacing': 64, 'seed': 59221, 'pages': 'huge', 'mode': 'chase', 'bytes': 8388608}
llc_miss__alternate {'samples': 1000000, 'batch': 256, 'spacing': 64, 'seed': 59221, 'pages': 'huge', 'mode': 'paired', 'bytes': 536870912}
llc_hit__repeat {'samples': 1000000, 'batch': 256, 'spacing': 64, 'seed': 59222, 'pages': 'huge', 'mode': 'chase', 'bytes': 4194304}
l2_miss__alternate {'samples': 1000000, 'batch': 256, 'spacing': 64, 'seed': 59221, 'pages': 'huge', 'mode': 'paired', 'bytes': 8388608}
l2_hit__alternate {'samples': 1000000, 'batch': 256, 'spacing': 64, 'seed': 59221, 'pages': 'huge', 'mode': 'chase', 'bytes': 262144}
l2_hit__repeat {'samples': 1000000, 'batch': 256, 'spacing': 64, 'seed': 59222, 'pages': 'huge', 'mode': 'chase', 'bytes': 131072}
l1_hit__primary {'samples': 1000000, 'batch': 256, 'spacing': 64, 'seed': 59221, 'pages': 'huge', 'mode': 'chase', 'bytes': 8192}
calibration__memory_independent {'samples': 1000000, 'batch': 256, 'spacing': 64, 'seed': 59221, 'pages': 'huge', 'mode': 'independent', 'bytes': 268435456}
l2_hit__primary {'samples': 1000000, 'batch': 256, 'spacing': 64, 'seed': 59221, 'pages': 'huge', 'mode': 'chase', 'bytes': 131072}
calibration__llc_sequential {'samples': 1000000, 'batch': 256, 'spacing': 64, 'seed': 59221, 'pages': 'huge', 'mode': 'sequential', 'bytes': 4194304}
l1_miss__repeat {'samples': 1000000, 'batch': 256, 'spacing': 64, 'seed': 59222, 'pages': 'huge', 'mode': 'paired', 'bytes': 131072}
llc_miss__repeat {'samples': 1000000, 'batch': 256, 'spacing': 64, 'seed': 59222, 'pages': 'huge', 'mode': 'paired', 'bytes': 268435456}
calibration__l2_independent {'samples': 1000000, 'batch': 256, 'spacing': 64, 'seed': 59221, 'pages': 'huge', 'mode': 'independent', 'bytes': 131072}
calibration__l2_sequential {'samples': 1000000, 'batch': 256, 'spacing': 64, 'seed': 59221, 'pages': 'huge', 'mode': 'sequential', 'bytes': 131072}
llc_miss__primary {'samples': 1000000, 'batch': 256, 'spacing': 64, 'seed': 59221, 'pages': 'huge', 'mode': 'paired', 'bytes': 268435456}
l2_miss__primary {'samples': 1000000, 'batch': 256, 'spacing': 64, 'seed': 59221, 'pages': 'huge', 'mode': 'paired', 'bytes': 4194304}
llc_hit__primary {'samples': 1000000, 'batch': 256, 'spacing': 64, 'seed': 59221, 'pages': 'huge', 'mode': 'chase', 'bytes': 4194304}
l1_hit__repeat {'samples': 1000000, 'batch': 256, 'spacing': 64, 'seed': 59222, 'pages': 'huge', 'mode': 'chase', 'bytes': 8192}
l1_miss__primary {'samples': 1000000, 'batch': 256, 'spacing': 64, 'seed': 59221, 'pages': 'huge', 'mode': 'paired', 'bytes': 131072}
calibration__llc_independent {'samples': 1000000, 'batch': 256, 'spacing': 64, 'seed': 59221, 'pages': 'huge', 'mode': 'independent', 'bytes': 4194304}
