Machine: charnwood; CPU: 3; NUMA node: 0
39 points; 39,000,000 timed batches; 312,000,000 raw bytes before compression
Raw data: /home/swu35/ECE592-HW1/timing-only/capacity/data/charnwood/round1
Analysis output: /home/swu35/ECE592-HW1/timing-only/capacity/results/charnwood/round1
[1/39] running coarse_w524288_s64_sequential_b256_seed59201_huge_n1000000
  median=13.1484, p05–p95=12.9766–13.4297, elapsed=1.1s; saved all 1,000,000 samples
[2/39] running coarse_w2097152_s64_sequential_b256_seed59201_huge_n1000000
  median=13.1484, p05–p95=12.9844–13.5625, elapsed=1.1s; saved all 1,000,000 samples
[3/39] running coarse_w8192_s64_sequential_b256_seed59201_huge_n1000000
  median=6.1953, p05–p95=5.9297–6.2266, elapsed=0.5s; saved all 1,000,000 samples
[4/39] running coarse_w1048576_s64_sequential_b256_seed59201_huge_n1000000
  median=13.1484, p05–p95=12.9688–13.3750, elapsed=1.1s; saved all 1,000,000 samples
[5/39] running coarse_w536870912_s64_random_b256_seed59201_huge_n1000000
  median=318.1641, p05–p95=311.6406–327.2734, elapsed=28.1s; saved all 1,000,000 samples
[6/39] running coarse_w33554432_s64_random_b256_seed59201_huge_n1000000
  median=305.5234, p05–p95=293.4844–315.1172, elapsed=23.4s; saved all 1,000,000 samples
[7/39] running coarse_w4194304_s64_random_b256_seed59201_huge_n1000000
  median=57.7109, p05–p95=56.2734–62.6562, elapsed=4.5s; saved all 1,000,000 samples
[8/39] running coarse_w268435456_s64_random_b256_seed59201_huge_n1000000
  median=315.3594, p05–p95=308.6094–324.5547, elapsed=25.9s; saved all 1,000,000 samples
[9/39] running coarse_w4194304_s64_sequential_b256_seed59201_huge_n1000000
  median=13.8125, p05–p95=13.1016–15.5234, elapsed=1.1s; saved all 1,000,000 samples
[10/39] running coarse_w1048576_s64_random_b256_seed59201_huge_n1000000
  median=51.2266, p05–p95=49.3906–52.9922, elapsed=3.9s; saved all 1,000,000 samples
[11/39] running coarse_w32768_s64_random_b256_seed59201_huge_n1000000
  median=6.7734, p05–p95=6.6562–7.5781, elapsed=0.6s; saved all 1,000,000 samples
[12/39] running coarse_w536870912_s64_sequential_b256_seed59201_huge_n1000000
  median=39.4766, p05–p95=35.3594–44.1875, elapsed=3.7s; saved all 1,000,000 samples
[13/39] running coarse_w524288_s64_random_b256_seed59201_huge_n1000000
  median=45.4141, p05–p95=40.8828–47.5156, elapsed=3.5s; saved all 1,000,000 samples
[14/39] running coarse_w4096_s64_random_b256_seed59201_huge_n1000000
  median=6.1953, p05–p95=6.1797–6.2266, elapsed=0.5s; saved all 1,000,000 samples
[15/39] running coarse_w262144_s64_random_b256_seed59201_huge_n1000000
  median=18.4688, p05–p95=18.0781–19.9922, elapsed=1.5s; saved all 1,000,000 samples
[16/39] running coarse_w2048_s64_sequential_b256_seed59201_huge_n1000000
  median=6.1953, p05–p95=6.1719–6.2188, elapsed=0.5s; saved all 1,000,000 samples
[17/39] running coarse_w16777216_s64_sequential_b256_seed59201_huge_n1000000
  median=37.4688, p05–p95=33.1875–42.4062, elapsed=2.9s; saved all 1,000,000 samples
[18/39] running coarse_w16777216_s64_random_b256_seed59201_huge_n1000000
  median=300.8594, p05–p95=288.8828–310.9766, elapsed=22.9s; saved all 1,000,000 samples
[19/39] running coarse_w4096_s64_sequential_b256_seed59201_huge_n1000000
  median=6.1953, p05–p95=6.1797–6.2344, elapsed=0.5s; saved all 1,000,000 samples
[20/39] running coarse_w262144_s64_sequential_b256_seed59201_huge_n1000000
  median=9.8906, p05–p95=9.1562–10.5859, elapsed=0.8s; saved all 1,000,000 samples
[21/39] running coarse_w131072_s64_random_b256_seed59201_huge_n1000000
  median=18.0781, p05–p95=16.0000–19.3125, elapsed=1.4s; saved all 1,000,000 samples
[22/39] running coarse_w8388608_s64_sequential_b256_seed59201_huge_n1000000
  median=31.3906, p05–p95=27.2656–37.1641, elapsed=2.5s; saved all 1,000,000 samples
[23/39] running coarse_w67108864_s64_sequential_b256_seed59201_huge_n1000000
  median=39.4766, p05–p95=35.3281–44.2188, elapsed=3.1s; saved all 1,000,000 samples
[24/39] running coarse_w16384_s64_random_b256_seed59201_huge_n1000000
  median=6.2031, p05–p95=6.1797–6.2266, elapsed=0.5s; saved all 1,000,000 samples
[25/39] running coarse_w134217728_s64_sequential_b256_seed59201_huge_n1000000
  median=39.5156, p05–p95=35.3594–44.3750, elapsed=3.2s; saved all 1,000,000 samples
[26/39] running coarse_w67108864_s64_random_b256_seed59201_huge_n1000000
  median=289.9609, p05–p95=280.0547–309.7109, elapsed=22.5s; saved all 1,000,000 samples
[27/39] running coarse_w65536_s64_sequential_b256_seed59201_huge_n1000000
  median=8.7500, p05–p95=8.0938–9.1094, elapsed=0.7s; saved all 1,000,000 samples
[28/39] running coarse_w268435456_s64_sequential_b256_seed59201_huge_n1000000
  median=36.7188, p05–p95=32.6250–41.5078, elapsed=3.1s; saved all 1,000,000 samples
[29/39] running coarse_w2048_s64_random_b256_seed59201_huge_n1000000
  median=5.4844, p05–p95=5.4688–5.5078, elapsed=0.5s; saved all 1,000,000 samples
[30/39] running coarse_w16384_s64_sequential_b256_seed59201_huge_n1000000
  median=5.4844, p05–p95=5.4688–5.5078, elapsed=0.5s; saved all 1,000,000 samples
[31/39] running coarse_w8388608_s64_random_b256_seed59201_huge_n1000000
  median=258.8750, p05–p95=245.6953–275.8359, elapsed=19.7s; saved all 1,000,000 samples
[32/39] running coarse_w2097152_s64_random_b256_seed59201_huge_n1000000
  median=47.3125, p05–p95=46.2734–48.4766, elapsed=3.6s; saved all 1,000,000 samples
[33/39] running coarse_w131072_s64_sequential_b256_seed59201_huge_n1000000
  median=8.7578, p05–p95=8.1016–9.5938, elapsed=0.7s; saved all 1,000,000 samples
[34/39] running coarse_w32768_s64_sequential_b256_seed59201_huge_n1000000
  median=5.6797, p05–p95=5.6406–6.2500, elapsed=0.5s; saved all 1,000,000 samples
[35/39] running coarse_w2048_s64_empty_b256_seed59201_huge_n1000000
  median=62.0000, p05–p95=58.0000–66.0000, elapsed=0.1s; saved all 1,000,000 samples
[36/39] running coarse_w65536_s64_random_b256_seed59201_huge_n1000000
  median=16.0000, p05–p95=15.9531–16.9062, elapsed=1.3s; saved all 1,000,000 samples
[37/39] running coarse_w134217728_s64_random_b256_seed59201_huge_n1000000
  median=302.8125, p05–p95=296.4141–310.2109, elapsed=23.8s; saved all 1,000,000 samples
[38/39] running coarse_w33554432_s64_sequential_b256_seed59201_huge_n1000000
  median=34.9688, p05–p95=29.5859–40.7656, elapsed=2.7s; saved all 1,000,000 samples
[39/39] running coarse_w8192_s64_random_b256_seed59201_huge_n1000000
  median=5.4844, p05–p95=5.4688–5.5078, elapsed=0.5s; saved all 1,000,000 samples
