Machine: ookay; CPU: 2; NUMA node: 0
39 points; 39,000,000 timed batches; 312,000,000 raw bytes before compression
Raw data: /home/swu35/ECE592-HW1/timing-only/capacity/data/ookay/round1-retry1
Analysis output: /home/swu35/ECE592-HW1/timing-only/capacity/results/ookay/round1-retry1
[1/39] running coarse_w524288_s64_sequential_b256_seed59201_huge_n1000000
  median=7.7656, p05–p95=7.6719–7.8828, elapsed=0.6s; saved all 1,000,000 samples
[2/39] running coarse_w2097152_s64_sequential_b256_seed59201_huge_n1000000
  median=7.7812, p05–p95=7.6797–8.7109, elapsed=0.6s; saved all 1,000,000 samples
[3/39] running coarse_w8192_s64_sequential_b256_seed59201_huge_n1000000
  median=3.6719, p05–p95=3.6641–3.6875, elapsed=0.3s; saved all 1,000,000 samples
[4/39] running coarse_w1048576_s64_sequential_b256_seed59201_huge_n1000000
  median=7.7578, p05–p95=7.6719–7.8828, elapsed=0.6s; saved all 1,000,000 samples
[5/39] running coarse_w536870912_s64_random_b256_seed59201_huge_n1000000
  median=235.7344, p05–p95=231.1250–249.8047, elapsed=19.8s; saved all 1,000,000 samples
[6/39] running coarse_w33554432_s64_random_b256_seed59201_huge_n1000000
  median=223.5312, p05–p95=217.4297–239.3750, elapsed=16.2s; saved all 1,000,000 samples
[7/39] running coarse_w4194304_s64_random_b256_seed59201_huge_n1000000
  median=32.9766, p05–p95=32.4297–199.6484, elapsed=3.8s; saved all 1,000,000 samples
[8/39] running coarse_w268435456_s64_random_b256_seed59201_huge_n1000000
  median=234.1953, p05–p95=229.7500–248.3203, elapsed=18.2s; saved all 1,000,000 samples
[9/39] running coarse_w4194304_s64_sequential_b256_seed59201_huge_n1000000
  median=7.7969, p05–p95=7.6797–24.7188, elapsed=0.8s; saved all 1,000,000 samples
[10/39] running coarse_w1048576_s64_random_b256_seed59201_huge_n1000000
  median=31.0156, p05–p95=30.1484–32.0078, elapsed=2.3s; saved all 1,000,000 samples
[11/39] running coarse_w32768_s64_random_b256_seed59201_huge_n1000000
  median=3.9219, p05–p95=3.8359–4.0234, elapsed=0.3s; saved all 1,000,000 samples
[12/39] running coarse_w536870912_s64_sequential_b256_seed59201_huge_n1000000
  median=27.0703, p05–p95=23.6641–33.9766, elapsed=2.4s; saved all 1,000,000 samples
[13/39] running coarse_w524288_s64_random_b256_seed59201_huge_n1000000
  median=27.5703, p05–p95=26.3047–28.6875, elapsed=2.0s; saved all 1,000,000 samples
[14/39] running coarse_w4096_s64_random_b256_seed59201_huge_n1000000
  median=3.6719, p05–p95=3.6641–3.6875, elapsed=0.3s; saved all 1,000,000 samples
[15/39] running coarse_w262144_s64_random_b256_seed59201_huge_n1000000
  median=10.9531, p05–p95=10.7109–13.2031, elapsed=0.8s; saved all 1,000,000 samples
[16/39] running coarse_w2048_s64_sequential_b256_seed59201_huge_n1000000
  median=3.6719, p05–p95=3.6641–3.6875, elapsed=0.3s; saved all 1,000,000 samples
[17/39] running coarse_w16777216_s64_sequential_b256_seed59201_huge_n1000000
  median=25.8984, p05–p95=20.9609–33.3672, elapsed=1.9s; saved all 1,000,000 samples
[18/39] running coarse_w16777216_s64_random_b256_seed59201_huge_n1000000
  median=215.6641, p05–p95=203.7500–236.9766, elapsed=15.6s; saved all 1,000,000 samples
[19/39] running coarse_w4096_s64_sequential_b256_seed59201_huge_n1000000
  median=3.6719, p05–p95=3.6641–3.6875, elapsed=0.3s; saved all 1,000,000 samples
[20/39] running coarse_w262144_s64_sequential_b256_seed59201_huge_n1000000
  median=5.8594, p05–p95=5.4219–6.0391, elapsed=0.4s; saved all 1,000,000 samples
[21/39] running coarse_w131072_s64_random_b256_seed59201_huge_n1000000
  median=10.7188, p05–p95=10.6875–12.3125, elapsed=0.8s; saved all 1,000,000 samples
[22/39] running coarse_w8388608_s64_sequential_b256_seed59201_huge_n1000000
  median=19.5391, p05–p95=14.3516–30.3984, elapsed=1.5s; saved all 1,000,000 samples
[23/39] running coarse_w67108864_s64_sequential_b256_seed59201_huge_n1000000
  median=26.9062, p05–p95=23.4688–33.6719, elapsed=2.0s; saved all 1,000,000 samples
[24/39] running coarse_w16384_s64_random_b256_seed59201_huge_n1000000
  median=3.6719, p05–p95=3.6641–3.6875, elapsed=0.3s; saved all 1,000,000 samples
[25/39] running coarse_w134217728_s64_sequential_b256_seed59201_huge_n1000000
  median=27.0000, p05–p95=23.6328–33.6328, elapsed=2.1s; saved all 1,000,000 samples
[26/39] running coarse_w67108864_s64_random_b256_seed59201_huge_n1000000
  median=226.7188, p05–p95=221.4453–241.0547, elapsed=16.6s; saved all 1,000,000 samples
[27/39] running coarse_w65536_s64_sequential_b256_seed59201_huge_n1000000
  median=5.8594, p05–p95=5.4219–6.2422, elapsed=0.4s; saved all 1,000,000 samples
[28/39] running coarse_w268435456_s64_sequential_b256_seed59201_huge_n1000000
  median=27.0156, p05–p95=23.6484–33.6484, elapsed=2.2s; saved all 1,000,000 samples
[29/39] running coarse_w2048_s64_random_b256_seed59201_huge_n1000000
  median=3.6719, p05–p95=3.6641–3.6875, elapsed=0.3s; saved all 1,000,000 samples
[30/39] running coarse_w16384_s64_sequential_b256_seed59201_huge_n1000000
  median=3.6719, p05–p95=3.6641–4.4609, elapsed=0.3s; saved all 1,000,000 samples
[31/39] running coarse_w8388608_s64_random_b256_seed59201_huge_n1000000
  median=170.6758, p05–p95=148.8203–228.7812, elapsed=12.9s; saved all 1,000,000 samples
[32/39] running coarse_w2097152_s64_random_b256_seed59201_huge_n1000000
  median=32.4766, p05–p95=31.6562–34.1328, elapsed=2.4s; saved all 1,000,000 samples
[33/39] running coarse_w131072_s64_sequential_b256_seed59201_huge_n1000000
  median=5.8672, p05–p95=5.4219–6.7500, elapsed=0.5s; saved all 1,000,000 samples
[34/39] running coarse_w32768_s64_sequential_b256_seed59201_huge_n1000000
  median=3.7500, p05–p95=3.6719–3.8203, elapsed=0.3s; saved all 1,000,000 samples
[35/39] running coarse_w2048_s64_empty_b256_seed59201_huge_n1000000
  median=42.0000, p05–p95=40.0000–44.0000, elapsed=0.0s; saved all 1,000,000 samples
[36/39] running coarse_w65536_s64_random_b256_seed59201_huge_n1000000
  median=10.7188, p05–p95=10.6875–11.5469, elapsed=0.8s; saved all 1,000,000 samples
[37/39] running coarse_w134217728_s64_random_b256_seed59201_huge_n1000000
  median=231.5625, p05–p95=227.0000–246.1250, elapsed=17.3s; saved all 1,000,000 samples
[38/39] running coarse_w33554432_s64_sequential_b256_seed59201_huge_n1000000
  median=26.5703, p05–p95=22.7578–33.5625, elapsed=2.0s; saved all 1,000,000 samples
[39/39] running coarse_w8192_s64_random_b256_seed59201_huge_n1000000
  median=3.6719, p05–p95=3.6641–3.6875, elapsed=0.3s; saved all 1,000,000 samples
