Machine: ookay; CPU: 2; NUMA node: 0
57 points; 57,000,000 timed batches; 456,000,000 raw bytes before compression
Raw data: /home/swu35/ECE592-HW1/timing-only/capacity/data/ookay/round2
Analysis output: /home/swu35/ECE592-HW1/timing-only/capacity/results/ookay/round2
[1/57] running round2_w524288_s64_random_b256_seed59203_huge_n1000000
  median=27.5312, p05–p95=26.0312–28.8516, elapsed=2.0s; saved all 1,000,000 samples
[2/57] running round2_w49152_s64_random_b256_seed59202_huge_n1000000
  median=10.7109, p05–p95=10.6875–11.4922, elapsed=0.8s; saved all 1,000,000 samples
[3/57] running round2_w393216_s64_random_b256_seed59202_huge_n1000000
  median=25.5703, p05–p95=24.1328–27.2109, elapsed=1.9s; saved all 1,000,000 samples
[4/57] running round2_w6291456_s8_random_b256_seed59203_huge_n1000000
  median=36.1328, p05–p95=33.0234–182.2891, elapsed=3.8s; saved all 1,000,000 samples
[5/57] running round2_w4194304_s64_sequential_b256_seed59202_huge_n1000000
  median=7.7656, p05–p95=7.6719–8.3281, elapsed=0.6s; saved all 1,000,000 samples
[6/57] running round2_w524288_s8_random_b256_seed59202_huge_n1000000
  median=22.5234, p05–p95=21.2578–23.8906, elapsed=1.7s; saved all 1,000,000 samples
[7/57] running round2_w524288_s64_sequential_b256_seed59202_huge_n1000000
  median=7.7891, p05–p95=7.6875–8.2812, elapsed=0.6s; saved all 1,000,000 samples
[8/57] running round2_w262144_s64_random_b1024_seed59202_huge_n1000000
  median=10.8359, p05–p95=10.6445–12.6621, elapsed=3.2s; saved all 1,000,000 samples
[9/57] running round2_w6291456_s64_random_b256_seed59202_huge_n1000000
  median=36.7422, p05–p95=33.5781–217.8359, elapsed=4.0s; saved all 1,000,000 samples
[10/57] running round2_w8388608_s64_random_b256_seed59202_base_n1000000
  median=188.0781, p05–p95=162.6328–246.6719, elapsed=14.5s; saved all 1,000,000 samples
[11/57] running round2_w49152_s8_random_b256_seed59202_huge_n1000000
  median=6.4062, p05–p95=6.0703–6.9297, elapsed=0.5s; saved all 1,000,000 samples
[12/57] running round2_w57344_s64_random_b256_seed59202_huge_n1000000
  median=10.7188, p05–p95=10.6875–11.5078, elapsed=0.8s; saved all 1,000,000 samples
[13/57] running round2_w262144_s64_sequential_b256_seed59202_huge_n1000000
  median=5.8594, p05–p95=5.4219–6.0078, elapsed=0.4s; saved all 1,000,000 samples
[14/57] running round2_w32768_s64_sequential_b256_seed59202_huge_n1000000
  median=3.8359, p05–p95=3.8125–4.3984, elapsed=0.3s; saved all 1,000,000 samples
[15/57] running round2_w262144_s64_random_b256_seed59202_huge_n1000000
  median=10.9219, p05–p95=10.7188–13.1797, elapsed=0.8s; saved all 1,000,000 samples
[16/57] running round2_w4194304_s8_random_b256_seed59203_huge_n1000000
  median=32.3125, p05–p95=31.5781–140.5078, elapsed=3.1s; saved all 1,000,000 samples
[17/57] running round2_w65536_s64_sequential_b256_seed59202_huge_n1000000
  median=5.8594, p05–p95=5.4219–6.2500, elapsed=0.5s; saved all 1,000,000 samples
[18/57] running round2_w6291456_s64_sequential_b256_seed59202_huge_n1000000
  median=8.3359, p05–p95=7.7031–27.1641, elapsed=0.9s; saved all 1,000,000 samples
[19/57] running round2_w32768_s64_random_b256_seed59203_huge_n1000000
  median=4.0000, p05–p95=3.8672–4.2031, elapsed=0.3s; saved all 1,000,000 samples
[20/57] running round2_w294912_s64_random_b256_seed59202_huge_n1000000
  median=17.4062, p05–p95=16.2031–19.7422, elapsed=1.3s; saved all 1,000,000 samples
[21/57] running round2_w7340032_s8_random_b256_seed59202_huge_n1000000
  median=60.9062, p05–p95=47.1328–196.9375, elapsed=5.8s; saved all 1,000,000 samples
[22/57] running round2_w65536_s64_random_b256_seed59203_huge_n1000000
  median=10.7188, p05–p95=10.6875–11.7344, elapsed=0.8s; saved all 1,000,000 samples
[23/57] running round2_w61440_s64_random_b256_seed59202_huge_n1000000
  median=10.7188, p05–p95=10.6875–11.6875, elapsed=0.8s; saved all 1,000,000 samples
[24/57] running round2_w7340032_s64_random_b256_seed59202_huge_n1000000
  median=113.3359, p05–p95=71.4453–226.4688, elapsed=9.6s; saved all 1,000,000 samples
[25/57] running round2_w425984_s64_random_b256_seed59202_huge_n1000000
  median=26.1719, p05–p95=24.3906–27.5391, elapsed=1.9s; saved all 1,000,000 samples
[26/57] running round2_w327680_s64_random_b256_seed59202_huge_n1000000
  median=23.2266, p05–p95=22.1016–24.6484, elapsed=1.7s; saved all 1,000,000 samples
[27/57] running round2_w4194304_s64_random_b256_seed59202_huge_n1000000
  median=33.0078, p05–p95=32.4531–190.7031, elapsed=3.1s; saved all 1,000,000 samples
[28/57] running round2_w65536_s8_random_b256_seed59202_huge_n1000000
  median=7.5312, p05–p95=7.2188–8.3281, elapsed=0.6s; saved all 1,000,000 samples
[29/57] running round2_w393216_s64_random_b256_seed59203_huge_n1000000
  median=25.5000, p05–p95=24.2812–26.6172, elapsed=1.9s; saved all 1,000,000 samples
[30/57] running round2_w5242880_s8_random_b256_seed59202_huge_n1000000
  median=32.7266, p05–p95=31.9375–167.0625, elapsed=3.4s; saved all 1,000,000 samples
[31/57] running round2_w458752_s64_random_b256_seed59202_huge_n1000000
  median=26.7188, p05–p95=25.6641–27.7344, elapsed=1.9s; saved all 1,000,000 samples
[32/57] running round2_w524288_s64_random_b256_seed59202_huge_n1000000
  median=27.4531, p05–p95=26.3672–28.7344, elapsed=2.0s; saved all 1,000,000 samples
[33/57] running round2_w393216_s64_sequential_b256_seed59202_huge_n1000000
  median=7.7188, p05–p95=7.5391–11.0625, elapsed=0.6s; saved all 1,000,000 samples
[34/57] running round2_w8388608_s64_sequential_b256_seed59202_huge_n1000000
  median=19.7266, p05–p95=13.8516–32.0000, elapsed=1.5s; saved all 1,000,000 samples
[35/57] running round2_w6291456_s8_random_b256_seed59202_huge_n1000000
  median=36.2266, p05–p95=33.0547–182.3203, elapsed=3.8s; saved all 1,000,000 samples
[36/57] running round2_w360448_s64_random_b256_seed59202_huge_n1000000
  median=24.4375, p05–p95=23.3281–25.7891, elapsed=1.8s; saved all 1,000,000 samples
[37/57] running round2_w8388608_s8_random_b256_seed59203_huge_n1000000
  median=87.9453, p05–p95=72.6250–204.9609, elapsed=7.7s; saved all 1,000,000 samples
[38/57] running round2_w4194304_s64_random_b256_seed59202_base_n1000000
  median=44.9453, p05–p95=41.7266–212.4688, elapsed=4.9s; saved all 1,000,000 samples
[39/57] running round2_w491520_s64_random_b256_seed59202_huge_n1000000
  median=26.9688, p05–p95=25.9453–28.2109, elapsed=2.0s; saved all 1,000,000 samples
[40/57] running round2_w32768_s8_random_b256_seed59202_huge_n1000000
  median=3.7812, p05–p95=3.6953–3.9062, elapsed=0.3s; saved all 1,000,000 samples
[41/57] running round2_w393216_s8_random_b256_seed59202_huge_n1000000
  median=18.6172, p05–p95=17.4844–19.9219, elapsed=1.4s; saved all 1,000,000 samples
[42/57] running round2_w53248_s64_random_b256_seed59202_huge_n1000000
  median=10.7188, p05–p95=10.6875–11.5781, elapsed=0.8s; saved all 1,000,000 samples
[43/57] running round2_w36864_s64_random_b256_seed59202_huge_n1000000
  median=10.6719, p05–p95=10.5625–11.4375, elapsed=0.8s; saved all 1,000,000 samples
[44/57] running round2_w32768_s64_random_b256_seed59202_huge_n1000000
  median=3.9062, p05–p95=3.8359–4.0312, elapsed=0.3s; saved all 1,000,000 samples
[45/57] running round2_w49152_s64_sequential_b256_seed59202_huge_n1000000
  median=5.8750, p05–p95=5.4297–5.9535, elapsed=0.4s; saved all 1,000,000 samples
[46/57] running round2_w8388608_s64_random_b256_seed59202_huge_n1000000
  median=170.5859, p05–p95=148.6641–228.9844, elapsed=13.0s; saved all 1,000,000 samples
[47/57] running round2_w262144_s64_random_b256_seed59203_huge_n1000000
  median=10.8828, p05–p95=10.6953–13.2422, elapsed=0.8s; saved all 1,000,000 samples
[48/57] running round2_w6291456_s64_random_b256_seed59202_base_n1000000
  median=80.6641, p05–p95=66.6328–230.0078, elapsed=7.4s; saved all 1,000,000 samples
[49/57] running round2_w8388608_s8_random_b256_seed59202_huge_n1000000
  median=87.9375, p05–p95=72.5078–204.9219, elapsed=7.8s; saved all 1,000,000 samples
[50/57] running round2_w40960_s64_random_b256_seed59202_huge_n1000000
  median=10.7031, p05–p95=10.6406–11.5000, elapsed=0.8s; saved all 1,000,000 samples
[51/57] running round2_w45056_s64_random_b256_seed59202_huge_n1000000
  median=10.7109, p05–p95=10.6641–11.5312, elapsed=0.8s; saved all 1,000,000 samples
[52/57] running round2_w32768_s64_random_b1024_seed59202_huge_n1000000
  median=3.8945, p05–p95=3.8418–4.1230, elapsed=1.2s; saved all 1,000,000 samples
[53/57] running round2_w49152_s64_random_b256_seed59203_huge_n1000000
  median=10.7188, p05–p95=10.6875–11.5625, elapsed=0.8s; saved all 1,000,000 samples
[54/57] running round2_w5242880_s64_random_b256_seed59202_huge_n1000000
  median=33.1797, p05–p95=32.6328–211.3281, elapsed=3.5s; saved all 1,000,000 samples
[55/57] running round2_w4194304_s8_random_b256_seed59202_huge_n1000000
  median=32.2891, p05–p95=31.5625–145.0469, elapsed=3.1s; saved all 1,000,000 samples
[56/57] running round2_w262144_s8_random_b256_seed59202_huge_n1000000
  median=10.0859, p05–p95=9.7891–11.9531, elapsed=0.8s; saved all 1,000,000 samples
[57/57] running round2_w65536_s64_random_b256_seed59202_huge_n1000000
  median=10.7188, p05–p95=10.6875–11.7422, elapsed=0.8s; saved all 1,000,000 samples
