Machine: upgrade; CPU: 2; NUMA node: 0
39 points; 39,000,000 timed batches; 312,000,000 raw bytes before compression
Raw data: /home/swu35/ECE592-HW1/timing-only/capacity/data/upgrade/round1-retry2
Analysis output: /home/swu35/ECE592-HW1/timing-only/capacity/results/upgrade/round1-retry2
[1/39] running coarse_w524288_s64_sequential_b256_seed59201_huge_n1000000
  median=6.5391, p05–p95=6.4141–6.7305, elapsed=0.6s; saved all 1,000,000 samples
[2/39] running coarse_w2097152_s64_sequential_b256_seed59201_huge_n1000000
  median=6.5234, p05–p95=6.4141–6.7227, elapsed=0.6s; saved all 1,000,000 samples
[3/39] running coarse_w8192_s64_sequential_b256_seed59201_huge_n1000000
  median=3.0391, p05–p95=3.0234–3.0469, elapsed=0.3s; saved all 1,000,000 samples
[4/39] running coarse_w1048576_s64_sequential_b256_seed59201_huge_n1000000
  median=6.5234, p05–p95=6.4102–6.7305, elapsed=0.6s; saved all 1,000,000 samples
[5/39] running coarse_w536870912_s64_random_b256_seed59201_huge_n1000000
  median=205.7109, p05–p95=202.8125–212.4727, elapsed=19.4s; saved all 1,000,000 samples
[6/39] running coarse_w33554432_s64_random_b256_seed59201_huge_n1000000
  median=194.9023, p05–p95=190.3242–201.8203, elapsed=16.0s; saved all 1,000,000 samples
[7/39] running coarse_w4194304_s64_random_b256_seed59201_huge_n1000000
  median=27.9414, p05–p95=27.1680–28.7617, elapsed=2.3s; saved all 1,000,000 samples
[8/39] running coarse_w268435456_s64_random_b256_seed59201_huge_n1000000
  median=204.6250, p05–p95=201.6406–211.5352, elapsed=17.9s; saved all 1,000,000 samples
[9/39] running coarse_w4194304_s64_sequential_b256_seed59201_huge_n1000000
  median=6.5312, p05–p95=6.4141–10.3906, elapsed=0.6s; saved all 1,000,000 samples
[10/39] running coarse_w1048576_s64_random_b256_seed59201_huge_n1000000
  median=26.2656, p05–p95=25.5273–26.9688, elapsed=2.2s; saved all 1,000,000 samples
[11/39] running coarse_w32768_s64_random_b256_seed59201_huge_n1000000
  median=3.3398, p05–p95=3.1641–3.4844, elapsed=0.3s; saved all 1,000,000 samples
[12/39] running coarse_w536870912_s64_sequential_b256_seed59201_huge_n1000000
  median=23.2852, p05–p95=20.5273–28.6445, elapsed=2.3s; saved all 1,000,000 samples
[13/39] running coarse_w524288_s64_random_b256_seed59201_huge_n1000000
  median=23.2617, p05–p95=22.2773–24.2773, elapsed=1.9s; saved all 1,000,000 samples
[14/39] running coarse_w4096_s64_random_b256_seed59201_huge_n1000000
  median=3.0391, p05–p95=3.0234–3.0469, elapsed=0.3s; saved all 1,000,000 samples
[15/39] running coarse_w262144_s64_random_b256_seed59201_huge_n1000000
  median=8.9336, p05–p95=8.8320–9.6719, elapsed=0.8s; saved all 1,000,000 samples
[16/39] running coarse_w2048_s64_sequential_b256_seed59201_huge_n1000000
  median=3.0391, p05–p95=3.0234–3.0469, elapsed=0.3s; saved all 1,000,000 samples
[17/39] running coarse_w16777216_s64_sequential_b256_seed59201_huge_n1000000
  median=19.8477, p05–p95=14.0977–26.1484, elapsed=1.6s; saved all 1,000,000 samples
[18/39] running coarse_w16777216_s64_random_b256_seed59201_huge_n1000000
  median=178.7109, p05–p95=170.6562–190.2852, elapsed=14.7s; saved all 1,000,000 samples
[19/39] running coarse_w4096_s64_sequential_b256_seed59201_huge_n1000000
  median=3.1094, p05–p95=3.0859–3.1172, elapsed=0.3s; saved all 1,000,000 samples
[20/39] running coarse_w262144_s64_sequential_b256_seed59201_huge_n1000000
  median=4.8438, p05–p95=4.4805–5.5430, elapsed=0.4s; saved all 1,000,000 samples
[21/39] running coarse_w131072_s64_random_b256_seed59201_huge_n1000000
  median=8.8477, p05–p95=8.6445–9.6133, elapsed=0.8s; saved all 1,000,000 samples
[22/39] running coarse_w8388608_s64_sequential_b256_seed59201_huge_n1000000
  median=13.0586, p05–p95=7.0352–19.3633, elapsed=1.1s; saved all 1,000,000 samples
[23/39] running coarse_w67108864_s64_sequential_b256_seed59201_huge_n1000000
  median=23.1992, p05–p95=20.3555–28.5898, elapsed=2.0s; saved all 1,000,000 samples
[24/39] running coarse_w16384_s64_random_b256_seed59201_huge_n1000000
  median=3.0312, p05–p95=2.9609–3.0469, elapsed=0.3s; saved all 1,000,000 samples
[25/39] running coarse_w134217728_s64_sequential_b256_seed59201_huge_n1000000
  median=23.3477, p05–p95=20.5547–28.9141, elapsed=2.1s; saved all 1,000,000 samples
[26/39] running coarse_w67108864_s64_random_b256_seed59201_huge_n1000000
  median=198.0195, p05–p95=194.5273–205.6523, elapsed=16.5s; saved all 1,000,000 samples
[27/39] running coarse_w65536_s64_sequential_b256_seed59201_huge_n1000000
  median=4.8398, p05–p95=4.4805–5.0859, elapsed=0.4s; saved all 1,000,000 samples
[28/39] running coarse_w268435456_s64_sequential_b256_seed59201_huge_n1000000
  median=23.3438, p05–p95=20.5586–28.7656, elapsed=2.2s; saved all 1,000,000 samples
[29/39] running coarse_w2048_s64_random_b256_seed59201_huge_n1000000
  median=3.0352, p05–p95=3.0234–3.0469, elapsed=0.3s; saved all 1,000,000 samples
[30/39] running coarse_w16384_s64_sequential_b256_seed59201_huge_n1000000
  median=3.0391, p05–p95=3.0234–3.0508, elapsed=0.3s; saved all 1,000,000 samples
[31/39] running coarse_w8388608_s64_random_b256_seed59201_huge_n1000000
  median=114.5898, p05–p95=102.6406–136.6133, elapsed=9.5s; saved all 1,000,000 samples
[32/39] running coarse_w2097152_s64_random_b256_seed59201_huge_n1000000
  median=27.6055, p05–p95=26.8828–28.5234, elapsed=2.3s; saved all 1,000,000 samples
[33/39] running coarse_w131072_s64_sequential_b256_seed59201_huge_n1000000
  median=4.8438, p05–p95=4.4805–5.2852, elapsed=0.4s; saved all 1,000,000 samples
[34/39] running coarse_w32768_s64_sequential_b256_seed59201_huge_n1000000
  median=3.0703, p05–p95=3.0469–3.1641, elapsed=0.3s; saved all 1,000,000 samples
[35/39] running coarse_w2048_s64_empty_b256_seed59201_huge_n1000000
  median=34.0000, p05–p95=32.0000–37.0000, elapsed=0.0s; saved all 1,000,000 samples
[36/39] running coarse_w65536_s64_random_b256_seed59201_huge_n1000000
  median=8.8477, p05–p95=8.6523–9.5469, elapsed=0.8s; saved all 1,000,000 samples
[37/39] running coarse_w134217728_s64_random_b256_seed59201_huge_n1000000
  median=202.5234, p05–p95=199.3086–211.8477, elapsed=17.1s; saved all 1,000,000 samples
[38/39] running coarse_w33554432_s64_sequential_b256_seed59201_huge_n1000000
  median=22.8750, p05–p95=20.0547–28.3359, elapsed=2.0s; saved all 1,000,000 samples
[39/39] running coarse_w8192_s64_random_b256_seed59201_huge_n1000000
  median=3.0391, p05–p95=3.0234–3.0469, elapsed=0.3s; saved all 1,000,000 samples
