30 configurations, 30,000,000 batches, 39,000,000 recorded timer intervals
[1/30] l1_miss__alternate: paired, W=131072, batch=256
  first median=10.71875; reread=3.94531; 1.1s
[2/30] l2_miss__repeat: paired, W=1048576, batch=256
  first median=30.90625; reread=4.14844; 2.6s
[3/30] calibration__l1_independent: independent, W=8192, batch=256
  first median=1.03906; 0.2s
[4/30] calibration__l1_sequential: sequential, W=8192, batch=256
  first median=3.67188; 0.3s
[5/30] l1_hit__alternate: chase, W=16384, batch=256
  first median=3.67188; 0.3s
[6/30] calibration__timer: empty, W=8192, batch=256
  first median=42.00000; 0.0s
[7/30] calibration__memory_sequential: sequential, W=268435456, batch=256
  first median=26.41406; 2.1s
[8/30] calibration__l1_long: chase, W=8192, batch=1024
  first median=3.55859; 1.0s
[9/30] calibration__l2_long: chase, W=65536, batch=1024
  first median=10.60547; 3.1s
[10/30] calibration__llc_long: chase, W=1048576, batch=1024
  first median=30.81836; 8.9s
[11/30] llc_hit__alternate: chase, W=2097152, batch=256
  first median=32.39062; 2.4s
[12/30] llc_miss__alternate: paired, W=536870912, batch=256
  first median=234.28125; reread=11.00000; 20.3s
[13/30] llc_hit__repeat: chase, W=1048576, batch=256
  first median=30.88281; 2.2s
[14/30] l2_miss__alternate: paired, W=2097152, batch=256
  first median=32.38281; reread=4.13281; 2.7s
[15/30] l2_hit__alternate: chase, W=131072, batch=256
  first median=10.71875; 0.8s
[16/30] l2_hit__repeat: chase, W=65536, batch=256
  first median=10.71094; 0.8s
[17/30] l1_hit__primary: chase, W=8192, batch=256
  first median=3.67188; 0.3s
[18/30] calibration__memory_independent: independent, W=268435456, batch=256
  first median=63.38281; 5.8s
[19/30] l2_hit__primary: chase, W=65536, batch=256
  first median=10.71094; 0.8s
[20/30] calibration__llc_sequential: sequential, W=1048576, batch=256
  first median=7.98438; 0.6s
[21/30] l1_miss__repeat: paired, W=65536, batch=256
  first median=10.72656; reread=3.67969; 1.1s
[22/30] llc_miss__repeat: paired, W=268435456, batch=256
  first median=232.73438; reread=10.01562; 18.8s
[23/30] calibration__l2_independent: independent, W=65536, batch=256
  first median=2.96875; 0.2s
[24/30] calibration__l2_sequential: sequential, W=65536, batch=256
  first median=5.96094; 0.4s
[25/30] llc_miss__primary: paired, W=268435456, batch=256
  first median=232.85156; reread=10.00781; 18.8s
[26/30] l2_miss__primary: paired, W=1048576, batch=256
  first median=30.92969; reread=3.96094; 2.6s
[27/30] llc_hit__primary: chase, W=1048576, batch=256
  first median=30.97656; 2.2s
[28/30] l1_hit__repeat: chase, W=8192, batch=256
  first median=3.67188; 0.3s
[29/30] l1_miss__primary: paired, W=65536, batch=256
  first median=10.72656; reread=3.67969; 1.1s
[30/30] calibration__llc_independent: independent, W=1048576, batch=256
  first median=8.57812; 0.7s
