30 configurations, 30,000,000 batches, 39,000,000 recorded timer intervals
[1/30] l1_miss__alternate: paired, W=1048576, batch=256
  first median=16.21875; reread=5.18750; 2.8s
[2/30] l2_miss__repeat: paired, W=8388608, batch=256
  first median=62.91406; reread=5.18750; 8.9s
[3/30] calibration__l1_independent: independent, W=8192, batch=256
  first median=1.46094; 0.2s
[4/30] calibration__l1_sequential: sequential, W=8192, batch=256
  first median=5.18750; 0.7s
[5/30] l1_hit__alternate: chase, W=16384, batch=256
  first median=5.18750; 0.7s
[6/30] calibration__timer: empty, W=8192, batch=256
  first median=50.00000; 0.1s
[7/30] calibration__memory_sequential: sequential, W=268435456, batch=256
  first median=240.64844; 29.9s
[8/30] calibration__l1_long: chase, W=8192, batch=1024
  first median=5.05664; 2.6s
[9/30] calibration__l2_long: chase, W=524288, batch=1024
  first median=16.08008; 8.3s
[10/30] calibration__llc_long: chase, W=8388608, batch=1024
  first median=62.80078; 32.3s
[11/30] llc_hit__alternate: chase, W=16777216, batch=256
  first median=62.92188; 8.2s
[12/30] llc_miss__alternate: paired, W=536870912, batch=256
  first median=248.84375; reread=11.33594; 38.2s
[13/30] llc_hit__repeat: chase, W=8388608, batch=256
  first median=62.92188; 8.2s
[14/30] l2_miss__alternate: paired, W=16777216, batch=256
  first median=62.92188; reread=5.18750; 8.9s
[15/30] l2_hit__alternate: chase, W=1048576, batch=256
  first median=16.21875; 2.1s
[16/30] l2_hit__repeat: chase, W=524288, batch=256
  first median=16.21875; 2.1s
[17/30] l1_hit__primary: chase, W=8192, batch=256
  first median=5.18750; 0.7s
[18/30] calibration__memory_independent: independent, W=268435456, batch=256
  first median=59.99219; 10.0s
[19/30] l2_hit__primary: chase, W=524288, batch=256
  first median=16.21875; 2.1s
[20/30] calibration__llc_sequential: sequential, W=8388608, batch=256
  first median=61.69531; 8.0s
[21/30] l1_miss__repeat: paired, W=524288, batch=256
  first median=16.21094; reread=5.18750; 2.8s
[22/30] llc_miss__repeat: paired, W=268435456, batch=256
  first median=248.53906; reread=10.46875; 35.7s
[23/30] calibration__l2_independent: independent, W=524288, batch=256
  first median=4.21875; 0.6s
[24/30] calibration__l2_sequential: sequential, W=524288, batch=256
  first median=16.03906; 2.1s
[25/30] llc_miss__primary: paired, W=268435456, batch=256
  first median=254.46094; reread=10.46094; 36.5s
[26/30] l2_miss__primary: paired, W=8388608, batch=256
  first median=62.87500; reread=5.18750; 8.9s
[27/30] llc_hit__primary: chase, W=8388608, batch=256
  first median=62.88281; 8.2s
[28/30] l1_hit__repeat: chase, W=8192, batch=256
  first median=5.18750; 0.7s
[29/30] l1_miss__primary: paired, W=524288, batch=256
  first median=16.21875; reread=5.19531; 2.9s
[30/30] calibration__llc_independent: independent, W=8388608, batch=256
  first median=16.58594; 2.2s
