30 configurations, 30,000,000 batches, 39,000,000 recorded timer intervals
[1/30] l1_miss__alternate: paired, W=131072, batch=256
  first median=8.85547; reread=3.28906; 1.1s
[2/30] l2_miss__repeat: paired, W=1048576, batch=256
  first median=26.19531; reread=3.42578; 2.5s
[3/30] calibration__l1_independent: independent, W=8192, batch=256
  first median=0.85547; 0.1s
[4/30] calibration__l1_sequential: sequential, W=8192, batch=256
  first median=3.03516; 0.3s
[5/30] l1_hit__alternate: chase, W=16384, batch=256
  first median=3.03125; 0.3s
[6/30] calibration__timer: empty, W=8192, batch=256
  first median=34.00000; 0.0s
[7/30] calibration__memory_sequential: sequential, W=268435456, batch=256
  first median=23.35547; 2.1s
[8/30] calibration__l1_long: chase, W=8192, batch=1024
  first median=2.94336; 1.0s
[9/30] calibration__l2_long: chase, W=65536, batch=1024
  first median=8.76465; 2.9s
[10/30] calibration__llc_long: chase, W=1048576, batch=1024
  first median=26.12891; 8.5s
[11/30] llc_hit__alternate: chase, W=2097152, batch=256
  first median=27.44141; 2.3s
[12/30] llc_miss__alternate: paired, W=536870912, batch=256
  first median=206.13672; reread=9.12891; 20.2s
[13/30] llc_hit__repeat: chase, W=1048576, batch=256
  first median=26.10938; 2.2s
[14/30] l2_miss__alternate: paired, W=2097152, batch=256
  first median=27.36719; reread=3.34375; 2.6s
[15/30] l2_hit__alternate: chase, W=131072, batch=256
  first median=8.85547; 0.8s
[16/30] l2_hit__repeat: chase, W=65536, batch=256
  first median=8.84766; 0.8s
[17/30] l1_hit__primary: chase, W=8192, batch=256
  first median=3.03125; 0.3s
[18/30] calibration__memory_independent: independent, W=268435456, batch=256
  first median=56.62891; 5.8s
[19/30] l2_hit__primary: chase, W=65536, batch=256
  first median=8.84766; 0.8s
[20/30] calibration__llc_sequential: sequential, W=1048576, batch=256
  first median=6.64062; 0.6s
[21/30] l1_miss__repeat: paired, W=65536, batch=256
  first median=8.86328; reread=3.21094; 1.0s
[22/30] llc_miss__repeat: paired, W=268435456, batch=256
  first median=204.82812; reread=8.27344; 18.7s
[23/30] calibration__l2_independent: independent, W=65536, batch=256
  first median=2.78516; 0.3s
[24/30] calibration__l2_sequential: sequential, W=65536, batch=256
  first median=4.94531; 0.5s
[25/30] llc_miss__primary: paired, W=268435456, batch=256
  first median=204.75781; reread=8.26562; 18.6s
[26/30] l2_miss__primary: paired, W=1048576, batch=256
  first median=26.26953; reread=3.29297; 2.5s
[27/30] llc_hit__primary: chase, W=1048576, batch=256
  first median=26.29297; 2.2s
[28/30] l1_hit__repeat: chase, W=8192, batch=256
  first median=3.03516; 0.3s
[29/30] l1_miss__primary: paired, W=65536, batch=256
  first median=8.85547; reread=3.14844; 1.0s
[30/30] calibration__llc_independent: independent, W=1048576, batch=256
  first median=7.25000; 0.6s
