Machine: crux; CPU: 6; NUMA node: 0
57 points; 57,000,000 timed batches; 456,000,000 raw bytes before compression
Raw data: /home/swu35/ECE592-HW1/timing-only/capacity/data/crux/round2
Analysis output: /home/swu35/ECE592-HW1/timing-only/capacity/results/crux/round2
[1/57] running round2_w524288_s64_random_b256_seed59203_huge_n1000000
  median=22.9102, p05–p95=21.5391–24.0508, elapsed=2.0s; saved all 1,000,000 samples
[2/57] running round2_w49152_s64_random_b256_seed59202_huge_n1000000
  median=7.9570, p05–p95=7.9375–7.9766, elapsed=0.7s; saved all 1,000,000 samples
[3/57] running round2_w393216_s64_random_b256_seed59202_huge_n1000000
  median=21.1133, p05–p95=19.7852–22.6406, elapsed=1.8s; saved all 1,000,000 samples
[4/57] running round2_w10485760_s8_random_b256_seed59203_huge_n1000000
  median=92.7031, p05–p95=81.6719–112.6367, elapsed=8.3s; saved all 1,000,000 samples
[5/57] running round2_w4194304_s64_sequential_b256_seed59202_huge_n1000000
  median=6.0859, p05–p95=5.9492–6.5664, elapsed=0.6s; saved all 1,000,000 samples
[6/57] running round2_w524288_s8_random_b256_seed59202_huge_n1000000
  median=18.4922, p05–p95=17.3398–19.6992, elapsed=1.6s; saved all 1,000,000 samples
[7/57] running round2_w524288_s64_sequential_b256_seed59202_huge_n1000000
  median=6.0625, p05–p95=5.9375–6.1719, elapsed=0.5s; saved all 1,000,000 samples
[8/57] running round2_w262144_s64_random_b1024_seed59202_huge_n1000000
  median=7.9482, p05–p95=7.8896–8.0850, elapsed=2.8s; saved all 1,000,000 samples
[9/57] running round2_w10485760_s64_random_b256_seed59202_huge_n1000000
  median=142.6172, p05–p95=129.6562–161.9064, elapsed=12.4s; saved all 1,000,000 samples
[10/57] running round2_w16777216_s64_random_b256_seed59202_base_n1000000
  median=187.7578, p05–p95=179.0898–200.8320, elapsed=16.3s; saved all 1,000,000 samples
[11/57] running round2_w49152_s8_random_b256_seed59202_huge_n1000000
  median=4.7266, p05–p95=4.4883–5.1250, elapsed=0.4s; saved all 1,000,000 samples
[12/57] running round2_w57344_s64_random_b256_seed59202_huge_n1000000
  median=7.9531, p05–p95=7.9297–7.9805, elapsed=0.7s; saved all 1,000,000 samples
[13/57] running round2_w262144_s64_sequential_b256_seed59202_huge_n1000000
  median=4.3477, p05–p95=4.0273–4.4023, elapsed=0.4s; saved all 1,000,000 samples
[14/57] running round2_w32768_s64_sequential_b256_seed59202_huge_n1000000
  median=2.7891, p05–p95=2.7266–2.8438, elapsed=0.3s; saved all 1,000,000 samples
[15/57] running round2_w262144_s64_random_b256_seed59202_huge_n1000000
  median=8.0586, p05–p95=7.9453–8.3398, elapsed=0.7s; saved all 1,000,000 samples
[16/57] running round2_w4194304_s8_random_b256_seed59203_huge_n1000000
  median=27.4375, p05–p95=26.5938–28.9102, elapsed=2.4s; saved all 1,000,000 samples
[17/57] running round2_w65536_s64_sequential_b256_seed59202_huge_n1000000
  median=4.3398, p05–p95=4.0273–4.3750, elapsed=0.4s; saved all 1,000,000 samples
[18/57] running round2_w10485760_s64_sequential_b256_seed59202_huge_n1000000
  median=16.8867, p05–p95=12.0234–22.9258, elapsed=1.5s; saved all 1,000,000 samples
[19/57] running round2_w32768_s64_random_b256_seed59203_huge_n1000000
  median=2.9141, p05–p95=2.8672–3.0039, elapsed=0.3s; saved all 1,000,000 samples
[20/57] running round2_w294912_s64_random_b256_seed59202_huge_n1000000
  median=13.8164, p05–p95=12.8281–14.9102, elapsed=1.2s; saved all 1,000,000 samples
[21/57] running round2_w13631488_s8_random_b256_seed59202_huge_n1000000
  median=118.6836, p05–p95=107.8477–135.2539, elapsed=10.6s; saved all 1,000,000 samples
[22/57] running round2_w65536_s64_random_b256_seed59203_huge_n1000000
  median=7.9570, p05–p95=7.9375–7.9766, elapsed=0.7s; saved all 1,000,000 samples
[23/57] running round2_w61440_s64_random_b256_seed59202_huge_n1000000
  median=7.9609, p05–p95=7.9375–8.1406, elapsed=0.7s; saved all 1,000,000 samples
[24/57] running round2_w13631488_s64_random_b256_seed59202_huge_n1000000
  median=163.5039, p05–p95=154.3438–174.9297, elapsed=14.2s; saved all 1,000,000 samples
[25/57] running round2_w425984_s64_random_b256_seed59202_huge_n1000000
  median=21.6875, p05–p95=19.9336–22.9180, elapsed=1.9s; saved all 1,000,000 samples
[26/57] running round2_w327680_s64_random_b256_seed59202_huge_n1000000
  median=19.0977, p05–p95=18.1289–20.1914, elapsed=1.7s; saved all 1,000,000 samples
[27/57] running round2_w4194304_s64_random_b256_seed59202_huge_n1000000
  median=27.9180, p05–p95=27.3203–28.7461, elapsed=2.4s; saved all 1,000,000 samples
[28/57] running round2_w65536_s8_random_b256_seed59202_huge_n1000000
  median=5.6250, p05–p95=5.4102–5.9062, elapsed=0.5s; saved all 1,000,000 samples
[29/57] running round2_w393216_s64_random_b256_seed59203_huge_n1000000
  median=21.1172, p05–p95=20.0430–22.1172, elapsed=1.8s; saved all 1,000,000 samples
[30/57] running round2_w7340032_s8_random_b256_seed59202_huge_n1000000
  median=44.4883, p05–p95=37.9062–59.4688, elapsed=4.1s; saved all 1,000,000 samples
[31/57] running round2_w458752_s64_random_b256_seed59202_huge_n1000000
  median=22.2070, p05–p95=21.1914–23.1680, elapsed=1.9s; saved all 1,000,000 samples
[32/57] running round2_w524288_s64_random_b256_seed59202_huge_n1000000
  median=22.8398, p05–p95=21.8594–23.9180, elapsed=2.0s; saved all 1,000,000 samples
[33/57] running round2_w393216_s64_sequential_b256_seed59202_huge_n1000000
  median=5.9609, p05–p95=5.7891–6.2148, elapsed=0.5s; saved all 1,000,000 samples
[34/57] running round2_w16777216_s64_sequential_b256_seed59202_huge_n1000000
  median=20.5078, p05–p95=15.8203–25.6172, elapsed=1.8s; saved all 1,000,000 samples
[35/57] running round2_w10485760_s8_random_b256_seed59202_huge_n1000000
  median=91.8984, p05–p95=81.2891–110.5938, elapsed=8.2s; saved all 1,000,000 samples
[36/57] running round2_w360448_s64_random_b256_seed59202_huge_n1000000
  median=20.2578, p05–p95=19.1719–21.4453, elapsed=1.8s; saved all 1,000,000 samples
[37/57] running round2_w16777216_s8_random_b256_seed59203_huge_n1000000
  median=135.5117, p05–p95=124.2969–152.1680, elapsed=12.2s; saved all 1,000,000 samples
[38/57] running round2_w4194304_s64_random_b256_seed59202_base_n1000000
  median=35.6680, p05–p95=33.7773–39.8203, elapsed=3.1s; saved all 1,000,000 samples
[39/57] running round2_w491520_s64_random_b256_seed59202_huge_n1000000
  median=22.4141, p05–p95=21.5000–23.4805, elapsed=2.0s; saved all 1,000,000 samples
[40/57] running round2_w32768_s8_random_b256_seed59202_huge_n1000000
  median=2.8086, p05–p95=2.7617–2.8750, elapsed=0.3s; saved all 1,000,000 samples
[41/57] running round2_w393216_s8_random_b256_seed59202_huge_n1000000
  median=15.1289, p05–p95=14.0469–16.2617, elapsed=1.3s; saved all 1,000,000 samples
[42/57] running round2_w53248_s64_random_b256_seed59202_huge_n1000000
  median=7.9609, p05–p95=7.9375–8.1406, elapsed=0.7s; saved all 1,000,000 samples
[43/57] running round2_w36864_s64_random_b256_seed59202_huge_n1000000
  median=7.9297, p05–p95=7.8828–8.1133, elapsed=0.7s; saved all 1,000,000 samples
[44/57] running round2_w32768_s64_random_b256_seed59202_huge_n1000000
  median=2.8906, p05–p95=2.8281–2.9844, elapsed=0.3s; saved all 1,000,000 samples
[45/57] running round2_w49152_s64_sequential_b256_seed59202_huge_n1000000
  median=4.3555, p05–p95=4.0312–4.3789, elapsed=0.4s; saved all 1,000,000 samples
[46/57] running round2_w16777216_s64_random_b256_seed59202_huge_n1000000
  median=171.7539, p05–p95=163.3281–181.5625, elapsed=14.8s; saved all 1,000,000 samples
[47/57] running round2_w262144_s64_random_b256_seed59203_huge_n1000000
  median=8.0664, p05–p95=7.9453–8.3008, elapsed=0.7s; saved all 1,000,000 samples
[48/57] running round2_w10485760_s64_random_b256_seed59202_base_n1000000
  median=151.2266, p05–p95=138.7578–180.3320, elapsed=13.3s; saved all 1,000,000 samples
[49/57] running round2_w16777216_s8_random_b256_seed59202_huge_n1000000
  median=138.6953, p05–p95=125.5664–172.4492, elapsed=12.8s; saved all 1,000,000 samples
[50/57] running round2_w40960_s64_random_b256_seed59202_huge_n1000000
  median=7.9609, p05–p95=7.9258–8.1445, elapsed=0.7s; saved all 1,000,000 samples
[51/57] running round2_w45056_s64_random_b256_seed59202_huge_n1000000
  median=7.9531, p05–p95=7.9219–8.1328, elapsed=0.7s; saved all 1,000,000 samples
[52/57] running round2_w32768_s64_random_b1024_seed59202_huge_n1000000
  median=2.8926, p05–p95=2.8525–2.9004, elapsed=1.0s; saved all 1,000,000 samples
[53/57] running round2_w49152_s64_random_b256_seed59203_huge_n1000000
  median=7.9570, p05–p95=7.9375–7.9766, elapsed=0.7s; saved all 1,000,000 samples
[54/57] running round2_w7340032_s64_random_b256_seed59202_huge_n1000000
  median=71.8789, p05–p95=61.7578–92.4297, elapsed=6.4s; saved all 1,000,000 samples
[55/57] running round2_w4194304_s8_random_b256_seed59202_huge_n1000000
  median=27.4141, p05–p95=26.5898–28.8555, elapsed=2.4s; saved all 1,000,000 samples
[56/57] running round2_w262144_s8_random_b256_seed59202_huge_n1000000
  median=7.4648, p05–p95=7.2695–7.7188, elapsed=0.7s; saved all 1,000,000 samples
[57/57] running round2_w65536_s64_random_b256_seed59202_huge_n1000000
  median=7.9570, p05–p95=7.9375–7.9766, elapsed=0.7s; saved all 1,000,000 samples
