Machine: crux; CPU: 6; NUMA node: 0
39 points; 39,000,000 timed batches; 312,000,000 raw bytes before compression
Raw data: /home/swu35/ECE592-HW1/timing-only/capacity/data/crux/round1
Analysis output: /home/swu35/ECE592-HW1/timing-only/capacity/results/crux/round1
[1/39] running coarse_w524288_s64_sequential_b256_seed59201_huge_n1000000
  median=6.0781, p05–p95=5.9453–6.2461, elapsed=0.5s; saved all 1,000,000 samples
[2/39] running coarse_w2097152_s64_sequential_b256_seed59201_huge_n1000000
  median=6.1875, p05–p95=6.0195–6.3711, elapsed=0.6s; saved all 1,000,000 samples
[3/39] running coarse_w8192_s64_sequential_b256_seed59201_huge_n1000000
  median=2.7305, p05–p95=2.7188–2.7422, elapsed=0.3s; saved all 1,000,000 samples
[4/39] running coarse_w1048576_s64_sequential_b256_seed59201_huge_n1000000
  median=6.1016, p05–p95=5.9531–6.2852, elapsed=0.6s; saved all 1,000,000 samples
[5/39] running coarse_w536870912_s64_random_b256_seed59201_huge_n1000000
Traceback (most recent call last):
  File "/home/swu35/ECE592-HW1/timing-only/capacity/scripts/run_capacity.py", line 276, in <module>
    main()
  File "/home/swu35/ECE592-HW1/timing-only/capacity/scripts/run_capacity.py", line 191, in main
    collect(config, jobs, out, manifest)
  File "/home/swu35/ECE592-HW1/timing-only/capacity/scripts/run_capacity.py", line 249, in collect
    raise RuntimeError(process.stderr)
RuntimeError: MADV_COLLAPSE: Cannot allocate memory

